../Drivers/STM32C0xx_HAL_Driver/Inc/stm32c0xx_ll_gpio.h:282:22:LL_GPIO_SetPinMode	1
../Drivers/STM32C0xx_HAL_Driver/Inc/stm32c0xx_ll_gpio.h:806:26:LL_GPIO_IsInputPinSet	2
../Drivers/STM32C0xx_HAL_Driver/Inc/stm32c0xx_ll_gpio.h:887:22:LL_GPIO_SetOutputPin	1
../Drivers/STM32C0xx_HAL_Driver/Inc/stm32c0xx_ll_gpio.h:916:22:LL_GPIO_ResetOutputPin	1
../Drivers/STM32C0xx_HAL_Driver/Inc/stm32c0xx_ll_bus.h:843:22:LL_IOP_GRP1_EnableClock	1
../Core/Src/main.c:39:6:Delay_uS	2
../Core/Src/main.c:43:6:setLcdDataPort	5
../Core/Src/main.c:50:5:lcdCheckBusy	3
../Core/Src/main.c:75:6:lcdSendCmd	1
../Core/Src/main.c:85:6:lcdSendChar	1
../Core/Src/main.c:95:6:lcdInit	1
../Core/Src/main.c:118:5:main	2
../Core/Src/main.c:150:6:SystemClock_Config	3
../Core/Src/main.c:177:13:MX_GPIO_Init	1
../Core/Src/main.c:284:6:Error_Handler	1
