../Drivers/STM32C0xx_HAL_Driver/Inc/stm32c0xx_ll_gpio.h:282:22:LL_GPIO_SetPinMode	24	static
../Drivers/STM32C0xx_HAL_Driver/Inc/stm32c0xx_ll_gpio.h:806:26:LL_GPIO_IsInputPinSet	16	static
../Drivers/STM32C0xx_HAL_Driver/Inc/stm32c0xx_ll_gpio.h:887:22:LL_GPIO_SetOutputPin	16	static
../Drivers/STM32C0xx_HAL_Driver/Inc/stm32c0xx_ll_gpio.h:916:22:LL_GPIO_ResetOutputPin	16	static
../Drivers/STM32C0xx_HAL_Driver/Inc/stm32c0xx_ll_bus.h:843:22:LL_IOP_GRP1_EnableClock	24	static
../Core/Src/main.c:39:6:Delay_uS	24	static,ignoring_inline_asm
../Core/Src/main.c:43:6:setLcdDataPort	16	static
../Core/Src/main.c:50:5:lcdCheckBusy	16	static
../Core/Src/main.c:75:6:lcdSendCmd	16	static
../Core/Src/main.c:85:6:lcdSendChar	16	static
../Core/Src/main.c:95:6:lcdInit	8	static
../Core/Src/main.c:118:5:main	40	static
../Core/Src/main.c:150:6:SystemClock_Config	64	static
../Core/Src/main.c:177:13:MX_GPIO_Init	32	static
../Core/Src/main.c:284:6:Error_Handler	8	static,ignoring_inline_asm
